[   0.000000] Intializing cgroup subsys cpuset
[    0.000000] Initializingcgrou sbsys cpu
[    0.000000] Initiaizngcgou sbsyscpuacct
   0.000000] Linux version 4.4.0-72-generic (buildd@lcy01-17) (gcc version 5.4.0 20160609 (Ubuntu 5.4.0-6ubuntu1~16.04.4) ) #93-Ubuntu SMP Fri Mar 31 14:07:41 UTC 2017 (Ubuntu 4.4.0-72.93-generic 4.4.49)
[    0.000000] Command line: BOOT_IMAGE=/boot/vmlinuz-4.4.0-72-generic root=LABEL=cloudimg-rootfs ro console=tty1 console=ttyS0
[    0.000000] KERNEL supported cpus:
[    0.000000]   Intel GenuineIntel
[    0.000000]   AMD AuthenticAMD
[    0.000000]   Centaur CentaurHauls
[    0.000000] x86/fpu: Legacy x87 FPU detected.
[    0.000000] x86/fpu: Using 'lazy' FPU context switches.
[    0.000000] e820: BIOS-provided physical RAM map:
[    0.000000] BIOS-e820: [mem 0x0000000000000000-0x000000000009fbff] usable
[    0.000000] BIOS-e820: [mem 0x000000000009fc00-0x000000000009ffff] reserved
[    0.000000] BIOS-e820: [mem 0x00000000000f0000-0x00000000000fffff] reserved
[    0.000000] BIOS-e820: [mem 0x0000000000100000-0x000000003ffeffff] usable
[    0.000000] BIOS-e820: [mem 0x000000003fff0000-0x000000003fffffff] ACPI data
[    0.000000] BIOS-e820: [mem 0x00000000fec00000-0x00000000fec00fff] reserved
[    0.000000] BIOS-e820: [mem 0x00000000fee00000-0x00000000fee00fff] reserved
[    0.000000] BIOS-e820: [mem 0x00000000fffc0000-0x00000000ffffffff] reserved
[    0.000000] NX (Execute Disable) protection: active
[    0.000000] SMBIOS 2.5 present.
[    0.000000] Hypervisor detected: KVM
[    0.000000] e820: last_pfn = 0x3fff0 max_arch_pfn = 0x400000000
[    0.000000] MTRR: Disabled
[    0.000000] x86/PAT: MTRRs disabled, skipping PAT initialization too.
[    0.000000] x86/PAT: Configuration [0-7]: WB  WT  UC- UC  WB  WT  UC- UC  
[    0.000000] CPU MTRRs all blank - virtualized system.
[    0.000000] found SMP MP-table at [mem 0x0009fff0-0x0009ffff] mapped at [ffff88000009fff0]
[    0.000000] Scanning 1 areas for low memory corruption
[    0.000000] RAMDISK: [mem 0x36ac8000-0x3755bfff]
[    0.000000] ACPI: Early table checksum verification disabled
[    0.000000] ACPI: RSDP 0x00000000000E0000 000024 (v02 VBOX  )
[    0.000000] ACPI: XSDT 0x000000003FFF0030 00003C (v01 VBOX   VBOXXSDT 00000001 ASL  00000061)
[    0.000000] ACPI: FACP 0x000000003FFF00F0 0000F4 (v04 VBOX   VBOXFACP 00000001 ASL  00000061)
[    0.000000] ACPI: DSDT 0x000000003FFF0470 00210F (v01 VBOX   VBOXBIOS 00000002 INTL 20160831)
[    0.000000] ACPI: FACS 0x000000003FFF0200 000040
[    0.000000] ACPI: FACS 0x000000003FFF0200 000040
[    0.000000] ACPI: APIC 0x000000003FFF0240 00005C (v02 VBOX   VBOXAPIC 00000001 ASL  00000061)
[    0.000000] ACPI: SSDT 0x000000003FFF02A0 0001CC (v01 VBOX   VBOXCPUT 00000002 INTL 20160831)
[    0.000000] No NUMA configuration found
[    0.000000] Faking a node at [mem 0x0000000000000000-0x000000003ffeffff]
[    0.000000] NODE_DATA(0) allocated [mem 0x3ffeb000-0x3ffeffff]
[    0.000000] kvm-clock: Using msrs 4b564d01 and 4b564d00
[    0.000000] kvm-clock: cpu 0, msr 0:3ffe3001, primary cpu clock
[    0.000000] kvm-clock: using sched offset of 4606319222 cycles
[    0.000000] clocksource: kvm-clock: mask: 0xffffffffffffffff max_cycles: 0x1cd42e4dffb, max_idle_ns: 881590591483 ns
[    0.000000] Zone ranges:
[    0.000000]   DMA      [mem 0x0000000000001000-0x0000000000ffffff]
[    0.000000]   DMA32    [mem 0x0000000001000000-0x000000003ffeffff]
[    0.000000]   Normal   empty
[    0.000000]   Device   empty
[    0.000000] Movable zone start for each node
[    0.000000] Early memory node ranges
[    0.000000]   node   0: [mem 0x0000000000001000-0x000000000009efff]
[    0.000000]   node   0: [mem 0x0000000000100000-0x000000003ffeffff]
[    0.000000] Initmem setup node 0 [mem 0x0000000000001000-0x000000003ffeffff]
[    0.000000] ACPI: PM-Timer IO Port: 0x4008
[    0.000000] IOAPIC[0]: apic_id 2, version 32, address 0xfec00000, GSI 0-23
[    0.000000] ACPI: INT_SRC_OVR (bus 0 bus_irq 0 global_irq 2 dfl dfl)
[    0.000000] ACPI: INT_SRC_OVR (bus 0 bus_irq 9 global_irq 9 high level)
[    0.000000] Using ACPI (MADT) for SMP configuration information
[    0.000000] smpboot: Allowing 2 CPUs, 0 hotplug CPUs
[    0.000000] PM: Registered nosave memory: [mem 0x00000000-0x00000fff]
[    0.000000] PM: Registered nosave memory: [mem 0x0009f000-0x0009ffff]
[    0.000000] PM: Registered nosave memory: [mem 0x000a0000-0x000effff]
[    0.000000] PM: Registered nosave memory: [mem 0x000f0000-0x000fffff]
[    0.000000] e820: [mem 0x40000000-0xfebfffff] available for PCI devices
[    0.000000] Booting paravirtualized kernel on KVM
[    0.000000] clocksource: refined-jiffies: mask: 0xffffffff max_cycles: 0xffffffff, max_idle_ns: 7645519600211568 ns
[    0.000000] setup_percpu: NR_CPUS:512 nr_cpumask_bits:512 nr_cpu_ids:2 nr_node_ids:1
[    0.000000] PERCPU: Embedded 33 pages/cpu @ffff88003fc00000 s98264 r8192 d28712 u1048576
[    0.000000] PV qspinlock hash table entries: 256 (order: 0, 4096 bytes)
[    0.000000] Built 1 zonelists in Node order, mobility grouping on.  Total pages: 257913
[    0.000000] Policy zone: DMA32
[    0.000000] Kernel command line: BOOT_IMAGE=/boot/vmlinuz-4.4.0-72-generic root=LABEL=cloudimg-rootfs ro console=tty1 console=ttyS0
[    0.000000] PID hash table entries: 4096 (order: 3, 32768 bytes)
[    0.000000] Memory: 1001748K/1048120K available (8452K kernel code, 1293K rwdata, 3976K rodata, 1484K init, 1316K bss, 46372K reserved, 0K cma-reserved)
[    0.000000] SLUB: HWalign=64, Order=0-3, MinObjects=0, CPUs=2, Nodes=1
[    0.000000] Hierarchical RCU implementation.
[    0.000000] 	Build-time adjustment of leaf fanout to 64.
[    0.000000] 	RCU restricting CPUs from NR_CPUS=512 to nr_cpu_ids=2.
[    0.000000] RCU: Adjusting geometry for rcu_fanout_leaf=64, nr_cpu_ids=2
[    0.000000] NR_IRQS:33024 nr_irqs:440 16
[    0.000000] Console: colour VGA+ 80x25
[    0.000000] console [tty1] enabled
[    0.000000] console [ttyS0] enabled
[    0.000000] tsc: Detected 1599.947 MHz processor
[    1.769195] Calibrating delay loop (skipped) preset value.. 3199.89 BogoMIPS (lpj=6399788)
[    1.797904] pid_max: default: 32768 minimum: 301
[    1.802708] ACPI: Core revision 20150930
[    1.817451] ACPI: 2 ACPI AML tables successfully acquired and loaded
[    1.859626] Security Framework initialized
[    1.866690] Yama: becoming mindful.
[    1.871440] AppArmor: AppArmor initialized
[    1.879528] Dentry cache hash table entries: 131072 (order: 8, 1048576 bytes)
[    1.896006] Inode-cache hash table entries: 65536 (order: 7, 524288 bytes)
[    1.904585] Mount-cache hash table entries: 2048 (order: 2, 16384 bytes)
[    1.910389] Mountpoint-cache hash table entries: 2048 (order: 2, 16384 bytes)
[    1.917239] Initializing cgroup subsys io
[    1.921061] Initializing cgroup subsys memory
[    1.946683] Initializing cgroup subsys devices
[    1.966582] Initializing cgroup subsys freezer
[    1.972182] Initializing cgroup subsys net_cls
[    1.979380] Initializing cgroup subsys perf_event
[    1.987384] Initializing cgroup subsys net_prio
[    1.994939] Initializing cgroup subsys hugetlb
[    2.000531] Initializing cgroup subsys pids
[    2.007851] CPU: Physical Processor ID: 0
[    2.014323] CPU: Processor Core ID: 0
[    2.036466] mce: CPU supports 0 MCE banks
[    2.043651] Last level iTLB entries: 4KB 48, 2MB 0, 4MB 0
[    2.058197] Last level dTLB entries: 4KB 256, 2MB 16, 4MB 16, 1GB 0
[    2.074651] Freeing SMP alternatives memory: 32K (ffffffff820b8000 - ffffffff820c0000)
[    2.107941] ftrace: allocating 32111 entries in 126 pages
[    2.252989] smpboot: APIC(0) Converting physical 0 to logical package 0
[    2.258668] smpboot: Max logical packages: 1
[    2.263559] x2apic enabled
[    2.272179] Switched APIC routing to physical x2apic.
[    2.280688] ..TIMER: vector=0x30 apic1=0 pin1=2 apic2=-1 pin2=-1
[    2.391993] smpboot: CPU0: Intel(R) Celeron(R) CPU  N3050  @ 1.60GHz (family: 0x6, model: 0x4c, stepping: 0x3)
[    2.401472] Performance Events: unsupported p6 CPU model 76 no PMU driver, software events only.
[    2.409686] KVM setup paravirtual spinlock
[    2.415294] x86: Booting SMP configuration:
[    2.419571] .... node  #0, CPUs:      #1
[    2.423832] kvm-clock: cpu 1, msr 0:3ffe3041, secondary cpu clock
[    2.454985] mce: CPU supports 0 MCE banks
[    2.483963] x86: Booted up 1 node, 2 CPUs
[    2.488782] smpboot: Total of 2 processors activated (6399.78 BogoMIPS)
[    2.496326] devtmpfs: initialized
[    2.507236] evm: security.selinux
[    2.510729] evm: security.SMACK64
[    2.513996] evm: security.SMACK64EXEC
[    2.517742] evm: security.SMACK64TRANSMUTE
[    2.521633] evm: security.SMACK64MMAP
[    2.525389] evm: security.ima
[    2.528403] evm: security.capability
[    2.533998] clocksource: jiffies: mask: 0xffffffff max_cycles: 0xffffffff, max_idle_ns: 7645041785100000 ns
[    2.564022] pinctrl core: initialized pinctrl subsystem
[    2.569951] RTC time: 12:21:00, date: 04/20/17
[    2.577111] NET: Registered protocol family 16
[    2.597517] cpuidle: using governor ladder
[    2.646877] cpuidle: using governor menu
[    2.652664] PCCT header not found.
[    2.659779] ACPI: bus type PCI registered
[    2.668566] acpiphp: ACPI Hot Plug PCI Controller Driver version: 0.5
[    2.680684] PCI: Using configuration type 1 for base access
[    2.728453] ACPI: Added _OSI(Module Device)
[    2.736678] ACPI: Added _OSI(Processor Device)
[    2.743056] ACPI: Added _OSI(3.0 _SCP Extensions)
[    2.750035] ACPI: Added _OSI(Processor Aggregator Device)
[    2.761607] ACPI: Executed 1 blocks of module-level executable AML code
[    2.782267] ACPI: Interpreter enabled
[    2.824585] ACPI: (supports S0 S5)
[    2.868859] ACPI: Using IOAPIC for interrupt routing
[    2.938669] PCI: Using host bridge windows from ACPI; if necessary, use "pci=nocrs" and report a bug
[    3.020117] ACPI: PCI Root Bridge [PCI0] (domain 0000 [bus 00-ff])
[    3.028584] acpi PNP0A03:00: _OSC: OS supports [ASPM ClockPM Segments MSI]
[    3.035762] acpi PNP0A03:00: _OSC failed (AE_NOT_FOUND); disabling ASPM
[    3.041954] acpi PNP0A03:00: fail to add MMCONFIG information, can't access extended PCI configuration space under this bridge.
[    3.056343] PCI host bridge to bus 0000:00
[    3.060766] pci_bus 0000:00: root bus resource [io  0x0000-0x0cf7 window]
[    3.066664] pci_bus 0000:00: root bus resource [io  0x0d00-0xffff window]
[    3.072482] pci_bus 0000:00: root bus resource [mem 0x000a0000-0x000bffff window]
[    3.081974] pci_bus 0000:00: root bus resource [mem 0x40000000-0xffdfffff window]
[    3.089360] pci_bus 0000:00: root bus resource [bus 00-ff]
[    3.100302] pci 0000:00:01.1: legacy IDE quirk: reg 0x10: [io  0x01f0-0x01f7]
[    3.106911] pci 0000:00:01.1: legacy IDE quirk: reg 0x14: [io  0x03f6]
[    3.112823] pci 0000:00:01.1: legacy IDE quirk: reg 0x18: [io  0x0170-0x0177]
[    3.121683] pci 0000:00:01.1: legacy IDE quirk: reg 0x1c: [io  0x0376]
[    3.223979] pci 0000:00:07.0: quirk: [io  0x4000-0x403f] claimed by PIIX4 ACPI
[    3.230944] pci 0000:00:07.0: quirk: [io  0x4100-0x410f] claimed by PIIX4 SMB
[    3.278840] ACPI: PCI Interrupt Link [LNKA] (IRQs 5 9 10 *11)
[    3.290918] ACPI: PCI Interrupt Link [LNKB] (IRQs 5 9 10 *11)
[    3.307159] ACPI: PCI Interrupt Link [LNKC] (IRQs 5 9 *10 11)
[    3.318873] ACPI: PCI Interrupt Link [LNKD] (IRQs 5 *9 10 11)
[    3.328916] ACPI: Enabled 2 GPEs in block 00 to 07
[    3.342608] vgaarb: setting as boot device: PCI:0000:00:02.0
[    3.352181] vgaarb: device added: PCI:0000:00:02.0,decodes=io+mem,owns=io+mem,locks=none
[    3.424499] vgaarb: loaded
[    3.431089] vgaarb: bridge control possible 0000:00:02.0
[    3.466619] SCSI subsystem initialized
[    3.480698] ACPI: bus type USB registered
[    3.504866] usbcore: registered new interface driver usbfs
[    3.512028] usbcore: registered new interface driver hub
[    3.526860] usbcore: registered new device driver usb
[    3.535344] PCI: Using ACPI for IRQ routing
[    3.540659] NetLabel: Initializing
[    3.557589] NetLabel:  domain hash size = 128
[    3.563021] NetLabel:  protocols = UNLABELED CIPSOv4
[    3.567687] NetLabel:  unlabeled traffic allowed by default
[    3.577468] amd_nb: Cannot enumerate AMD northbridges
[    3.582382] clocksource: Switched to clocksource kvm-clock
[    3.608798] AppArmor: AppArmor Filesystem Enabled
[    3.614527] pnp: PnP ACPI init
[    3.619962] pnp: PnP ACPI: found 3 devices
[    3.661774] clocksource: acpi_pm: mask: 0xffffff max_cycles: 0xffffff, max_idle_ns: 2085701024 ns
[    3.670219] NET: Registered protocol family 2
[    3.675947] TCP established hash table entries: 8192 (order: 4, 65536 bytes)
[    3.682267] TCP bind hash table entries: 8192 (order: 5, 131072 bytes)
[    3.688092] TCP: Hash tables configured (established 8192 bind 8192)
[    3.694573] UDP hash table entries: 512 (order: 2, 16384 bytes)
[    3.699999] UDP-Lite hash table entries: 512 (order: 2, 16384 bytes)
[    3.705665] NET: Registered protocol family 1
[    3.713814] pci 0000:00:00.0: Limiting direct PCI/PCI transfers
[    3.719061] pci 0000:00:01.0: Activating ISA DMA hang workarounds
[    3.726895] Unpacking initramfs...
[    9.604272] Freeing initrd memory: 10832K (ffff880036ac8000 - ffff88003755c000)
[    9.635107] platform rtc_cmos: registered platform RTC device (no PNP device found)
[    9.655669] Scanning for low memory corruption every 60 seconds
[    9.675825] futex hash table entries: 512 (order: 3, 32768 bytes)
[    9.685014] audit: initializing netlink subsys (disabled)
[    9.695841] audit: type=2000 audit(1492690871.462:1): initialized
[    9.708992] Initialise system trusted keyring
[    9.721085] HugeTLB registered 2 MB page size, pre-allocated 0 pages
[    9.740354] zbud: loaded
[    9.747952] VFS: Disk quotas dquot_6.6.0
[    9.755825] VFS: Dquot-cache hash table entries: 512 (order 0, 4096 bytes)
[    9.767617] squashfs: version 4.0 (2009/01/31) Phillip Lougher
[    9.780339] fuse init (API version 7.23)
[    9.791012] Key type big_key registered
[    9.799049] Allocating IMA MOK and blacklist keyrings.
[    9.822876] Key type asymmetric registered
[    9.830632] Asymmetric key parser 'x509' registered
[    9.839892] Block layer SCSI generic (bsg) driver version 0.4 loaded (major 249)
[    9.855942] io scheduler noop registered
[    9.863513] io scheduler deadline registered (default)
[    9.872022] io scheduler cfq registered
[    9.879639] pci_hotplug: PCI Hot Plug PCI Core version: 0.5
[    9.894362] pciehp: PCI Express Hot Plug Controller Driver version: 0.4
[    9.902171] ACPI: AC Adapter [AC] (on-line)
[    9.906976] input: Power Button as /devices/LNXSYSTM:00/LNXPWRBN:00/input/input0
[    9.914323] ACPI: Power Button [PWRF]
[    9.919487] input: Sleep Button as /devices/LNXSYSTM:00/LNXSLPBN:00/input/input1
[    9.926644] ACPI: Sleep Button [SLPF]
[    9.931346] GHES: HEST is not enabled!
[    9.936622] Serial: 8250/16550 driver, 32 ports, IRshinenabled
[    9.939351] ACPI: Battery Slot [BAT0] (battery present)
[    10.383796] 00:02: ttyS0 at I/O 0x3f8 (irq = 4, base_baud = 115200) is a 16550A
[   10.403845] Linux agpgart interface v0.103
[   10.424372] loop: module loaded
[   10.440179] scsi host0: ata_piix
[   10.445712] scsi host1: ata_piix
[   10.449600] ata1: PATA max UDMA/33 cmd 0x1f0 ctl 0x3f6 bmdma 0xd000 irq 14
[   10.458877] ata2: PATA max UDMA/33 cmd 0x170 ctl 0x376 bmdma 0xd008 irq 15
[   10.468097] libphy: Fixed MDIO Bus: probed
[   10.482683] tun: Universal TUN/TAP device driver, 1.6
[   10.488584] tun: (C) 1999-2004 Max Krasnyansky <maxk@qualcomm.com>
[   10.495073] PPP generic driver version 2.4.2
[   10.504011] ehci_hcd: USB 2.0 'Enhanced' Host Controller (EHCI) Driver
[   10.516310] ehci-pci: EHCI PCI platform driver
[   10.528533] ehci-platform: EHCI generic platform driver
[   10.599011] ohci_hcd: USB 1.1 'Open' Host Controller (OHCI) Driver
[   10.653700] tsc: Refined TSC clocksource calibration: 1600.660 MHz
[   10.654838] ohci-pci: OHCI PCI platform driver
[   10.654904] ohci-platform: OHCI generic platform driver
[   10.654936] uhci_hcd: USB Universal Host Controller Interface driver
[   10.655149] i8042: PNP: PS/2 Controller [PNP0303:PS2K,PNP0f03:PS2M] at 0x60,0x64 irq 1,12
[   10.696355] serio: i8042 KBD port at 0x60,0x64 irq 1
[   10.696389] serio: i8042 AUX port at 0x60,0x64 irq 12
[   10.701617] mousedev: PS/2 mouse device common for all mice
[   10.706818] rtc_cmos rtc_cmos: rtc core: registered rtc_cmos as rtc0
[   10.707144] rtc_cmos rtc_cmos: alarms up to one day, 114 bytes nvram
[   10.707187] i2c /dev entries driver
[   10.707584] device-mapper: uevent: version 1.0.3
[   10.714446] device-mapper: ioctl: 4.34.0-ioctl (2015-10-28) initialised: dm-devel@redhat.com
[   10.714708] ledtrig-cpu: registered to indicate activity on CPUs
[   10.730522] NET: Registered protocol family 10
[   10.733686] NET: Registered protocol family 17
[   10.733724] Key type dns_resolver registered
[   10.752233] microcode: CPU0 sig=0x406c3, pf=0x8, revision=0x0
[   10.752497] microcode: CPU1 sig=0x406c3, pf=0x8, revision=0x0
[   10.754224] microcode: Microcode Update Driver: v2.01 <tigran@aivazian.fsnet.co.uk>, Peter Oruba
[   10.758022] registered taskstats version 1
[   10.758046] Loading compiled-in X.509 certificates
[   10.762508] Loaded X.509 cert 'Build time autogenerated kernel key: 04ae903e4643330d1fe41947e79c28b436494994'
[   10.762597] zswap: loaded using pool lzo/zbud
[   10.782709] Key type trusted registered
[   10.814574] Key type encrypted registered
[   10.814591] AppArmor: AppArmor sha1 policy hashing enabled
[   10.814596] ima: No TPM chip found, activating TPM-bypass!
[   10.814650] evm: HMAC attrs: 0x1
[   10.817847]   Magic number: 13:584:380
[   10.844135] rtc_cmos rtc_cmos: setting system clock to 2017-04-20 12:21:08 UTC (1492690868)
[   10.845738] BIOS EDD facility v0.16 2004-Jun-25, 0 devices found
[   10.845739] EDD information not available.
[   10.892218] input: AT Translated Set 2 keyboard as /devices/platform/i8042/serio0/input/input2
[   11.032500] clocksource: tsc: mask: 0xffffffffffffffff max_cycles: 0x1712948fe42, max_idle_ns: 440795283860 ns
[   11.056228] Freeing unused kernel memory: 1484K (ffffffff81f45000 - ffffffff820b8000)
[   11.064410] Write protecting the kernel read-only data: 14336k
[   11.073609] Freeing unused kernel memory: 1776K (ffff880001844000 - ffff880001a00000)
[   11.082174] Freeing unused kernel memory: 120K (ffff880001de2000 - ffff880001e00000)
Loading, please wait...
starting version[   11.183557] random: udevadm: uninitialized urandom read (16 bytes read, 3 bits of entropy available)
 229
[   11.183738] random: systemd-udevd: uninitialized urandom read (16 bytes read, 3 bits of entropy available)
[   11.184368] random: systemd-udevd: uninitialized urandom read (16 bytes read, 3 bits of entropy available)
[   11.184414] random: systemd-udevd: uninitialized urandom read (16 bytes read, 3 bits of entropy available)
[   11.184466] random: systemd-udevd: uninitialized urandom read (16 bytes read, 3 bits of entropy available)
[   11.272982] random: udevadm: uninitialized urandom read (16 bytes read, 3 bits of entropy available)
[   11.282695] random: udevadm: uninitialized urandom read (16 bytes read, 3 bits of entropy available)
[   11.293777] random: udevadm: uninitialized urandom read (16 bytes read, 3 bits of entropy available)
[   11.304846] random: udevadm: uninitialized urandom read (16 bytes read, 3 bits of entropy available)
[   11.316307] random: udevadm: uninitialized urandom read (16 bytes read, 3 bits of entropy available)
[   11.607744] e1000: Intel(R) PRO/1000 Network Driver - version 7.3.21-k8-NAPI
[   11.622282] e1000: Copyright (c) 1999-2006 Intel Corporation.
[   11.654921] Fusion MPT base driver 3.04.20
[   11.659037] Copyright (c) 1999-2008 LSI Corporation
[   11.803181] SSE version of gcm_enc/dec engaged.
[   12.078190] Fusion MPT SPI Host driver 3.04.20
[   12.212698] input: ImExPS/2 Generic Explorer Mouse as /devices/platform/i8042/serio1/input/input4
[   13.089098] e1000 0000:00:03.0 eth0: (PCI:33MHz:32-bit) 02:9c:9d:15:a0:80
[   13.096113] e1000 0000:00:03.0 eth0: Intel(R) PRO/1000 Network Connection
[   13.115936] mptbase: ioc0: Initiating bringup
[   13.118869] e1000 0000:00:03.0 enp0s3: renamed from eth0
[   13.212628] ioc0: LSI53C1030 A0: Capabilities={Initiator}
[   13.535532] scsi host2: ioc0: LSI53C1030 A0, FwRev=00000000h, Ports=1, MaxQ=256, IRQ=20
[   13.672714] scsi 2:0:0:0: Direct-Access     VBOX     HARDDISK         1.0  PQ: 0 ANSI: 5
[   13.763510] scsi target2:0:0: Beginning Domain Validation
[   13.816572] scsi target2:0:0: Domain Validation skipping write tests
[   13.834573] scsi target2:0:0: Ending Domain Validation
[   13.842575] scsi target2:0:0: asynchronous
[   13.852566] scsi 2:0:1:0: Direct-Access     VBOX     HARDDISK         1.0  PQ: 0 ANSI: 5
[   13.863002] scsi target2:0:1: Beginning Domain Validation
[   13.871674] scsi target2:0:1: Domain Validation skipping write tests
[   13.878171] scsi target2:0:1: Ending Domain Validation
[   13.884147] scsi target2:0:1: asynchronous
[   13.926975] sd 2:0:0:0: [sda] 20971520 512-byte logical blocks: (10.7 GB/10.0 GiB)
[   13.938186] sd 2:0:0:0: Attached scsi generic sg0 type 0
[   14.002677] sd 2:0:0:0: [sda] Write Protect is off
[   14.002913] sd 2:0:1:0: Attached scsi generic sg1 type 0
[   14.014887] sd 2:0:1:0: [sdb] 20480 512-byte logical blocks: (10.5 MB/10.0 MiB)
[   14.037141] sd 2:0:0:0: [sda] Incomplete mode parameter data
[   14.043775] sd 2:0:1:0: [sdb] Write Protect is off
[   14.043982] sd 2:0:1:0: [sdb] Incomplete mode parameter data
[   14.043985] sd 2:0:1:0: [sdb] Assuming drive cache: write through
[   14.065125] sd 2:0:0:0: [sda] Assuming drive cache: write through
[   14.133020]  sda: sda1
[   14.143692] sd 2:0:1:0: [sdb] Attached SCSI disk
[   14.175581] sd 2:0:0:0: [sda] Attached SCSI disk
[   14.501822] floppy0: no floppy controllers found
Begin: Loading essential drivers[   17.487403] md: linear personality registered for level -1
 ... [   17.567885] md: multipath personality registered for level -4
[   17.626668] md: raid0 personality registered for level 0
[   17.778987] md: raid1 personality registered for level 1
[   18.010547] raid6: sse2x1   gen()  1097 MB/s
[   18.082531] raid6: sse2x1   xor()  2086 MB/s
[   18.150588] raid6: sse2x2   gen()   587 MB/s
[   18.222557] raid6: sse2x2   xor()  2281 MB/s
[   18.290559] raid6: sse2x4   gen()   977 MB/s
[   18.358516] raid6: sse2x4   xor()  1093 MB/s
[   18.364138] raid6: using algorithm sse2x1 gen() 1097 MB/s
[   18.369160] raid6: .... xor() 2086 MB/s, rmw enabled
[   18.373451] raid6: using ssse3x2 recovery algorithm
[   18.386140] xor: measuring software checksum speed
[   18.430504]    prefetch64-sse:  6320.000 MB/sec
[   18.475678]    generic_sse:  5652.000 MB/sec
[   18.500362] xor: using function: prefetch64-sse (6320.000 MB/sec)
[   18.547547] async_tx: api initialized (async)
[   18.648454] md: raid6 personality registered for level 6
[   18.660456] md: raid5 personality registered for level 5
[   18.668034] md: raid4 personality registered for level 4
[   18.756742] md: raid10 personality registered for level 10
done.
Begin: Running /scripts/init-premount ... done.
Begin: Mounting root file system ... Begin: Running /scripts/local-top ... done.
Begin: Running /scripts/local-premount ... [   18.915123] Btrfs loaded
Scanning for Btrfs filesystems
done.
Warning: fsck not present, so skipping root file system
[   19.425899] EXT4-fs (sda1): mounted filesystem with ordered data mode. Opts: (null)
done.
Begin: Running /scripts/local-bottom ... done.
Begin: Running /scripts/init-bottom ... done.
[   20.200092] random: nonblocking pool is initialized
[   20.928193] systemd[1]: systemd 229 running in system mode. (+PAM +AUDIT +SELINUX +IMA +APPARMOR +SMACK +SYSVINIT +UTMP +LIBCRYPTSETUP +GCRYPT +GNUTLS +ACL +XZ -LZ4 +SECCOMP +BLKID +ELFUTILS +KMOD -IDN)
[   20.959051] systemd[1]: Detected virtualization oracle.
[   20.963916] systemd[1]: Detected architecture x86-64.

Welcome to [1mUbuntu 16.04.2 LTS[0m!

[   21.014410] systemd[1]: Set hostname to <ubuntu-xenial>.
[   22.851950] systemd[1]: Listening on LVM2 metadata daemon socket.
[[0;32m  OK  [0m] Listening on LVM2 metadata daemon socket.
[   22.964111] systemd[1]: Reached target User and Group Name Lookups.
[[0;32m  OK  [0m] Reached target User and Group Name Lookups.
[   23.034562] systemd[1]: Listening on Device-mapper event daemon FIFOs.
[[0;32m  OK  [0m] Listening on Device-mapper event daemon FIFOs.
[   23.140796] systemd[1]: Reached target Swap.
[[0;32m  OK  [0m] Reached target Swap.
[   23.312203] systemd[1]: Created slice User and Session Slice.
[[0;32m  OK  [0m] Created slice User and Session Slice.
[   23.407446] systemd[1]: Listening on udev Kernel Socket.
[[0;32m  OK  [0m] Listening on udev Kernel Socket.
[   23.479138] systemd[1]: Listening on Journal Socket (/dev/log).
[[0;32m  OK  [0m] Listening on Journal Socket (/dev/log).
[   23.539149] systemd[1]: Listening on LVM2 poll daemon socket.
[[0;32m  OK  [0m] Listening on LVM2 poll daemon socket.
[   23.567018] systemd[1]: Listening on Journal Audit Socket.
[[0;32m  OK  [0m] Listening on Journal Audit Socket.
[   23.608588] systemd[1]: Created slice System Slice.
[[0;32m  OK  [0m] Created slice System Slice.
[   23.641302] systemd[1]: Created slice system-serial\x2dgetty.slice.
[[0;32m  OK  [0m] Created slice system-serial\x2dgetty.slice.
[   23.688240] systemd[1]: Reached target Encrypted Volumes.
[[0;32m  OK  [0m] Reached target Encrypted Volumes.
[   23.717196] systemd[1]: Listening on Journal Socket.
[[0;32m  OK  [0m] Listening on Journal Socket.
[   23.762975] systemd[1]: Starting Nameserver information manager...
         Starting Nameserver information manager...
[   23.872078] systemd[1]: Starting Load Kernel Modules...
         Starting Load Kernel Modules...
[   23.957120] systemd[1]: Starting Uncomplicated firewall...
         Starting Uncomplicated firewall...
[   24.004013] systemd[1]: Mounting Huge Pages File System...
         Mounting Huge Pages File System...
[   24.056296] Loading iSCSI transport class v2.0-870.
[   24.056353] systemd[1]: Starting Create list of required static device nodes for the current kernel...
         Starting Create list of required st... nodes for the current kernel...
[   24.189021] systemd[1]: Listening on /dev/initctl Compatibility Named Pipe.
[[0;32m  OK  [0m] Listening on /dev/initctl Compatibility Named Pipe.
[   24.230855] iscsi: registered transport (tcp)
[   24.287384] systemd[1]: Starting Set console keymap...
         Starting Set console keymap...
[   24.335545] systemd[1]: Starting Monitoring of LVM2 mirrors, snapshots etc. using dmeventd or progress polling...
         Starting Monitoring of LVM2 mirrors... dmeventd or progress polling...
[   24.388021] systemd[1]: Mounting Debug File System...
         Mounting Debug File System...
[   24.514793] systemd[1]: Mounting POSIX Message Queue File System...
         Mounting POSIX Message Queue File System...
[   24.684200] systemd[1]: Set up automount Arbitrary Executable File Formats File System Automount Point.
[   24.756576] iscsi: registered transport (iser)
[[0;32m  OK  [0m] Set up automount Arbitrary Executab...ats File System Automount Point.
[   24.965874] system1]: Listening on udev Control Socket.

[[0;32m  OK  [0m] Listening on udev Control Socket.
[   25.240797] systemd[1]: Started Forward Password Requests to Wall Directory Watch.
[[0;32m  OK  [0m] Started Forward Password Requests to Wall Directory Watch.
[   25.263972] systemd[1]: Reached target Slices.
[[0;32m  OK  [0m] Reached target Slices.
[   25.295199] systemd[1]: Starting Remount Root and Kernel File Systems...
         Starting Remount Root and Kernel File Systems...
[   25.335587] systemd[1]: Listening on Syslog Socket.
[[0;32m  OK  [0m] [   25.356970] EXT4-fs (sda1): re-mounted. Opts: (null)
Listening on Syslog Socket.
[   25.392650] systemd[1]: Starting Journal Service...
         Starting Journal Service...
[   25.436206] systemd[1]: Mounted Debug File System.
[[0;32m  OK  [0m] Mounted Debug File System.
[   25.452483] systemd[1]: Mounted Huge Pages File System.
[[0;32m  OK  [0m] Mounted Huge Pages File System.
[   25.469888] systemd[1]: Mounted POSIX Message Queue File System.
[[0;32m  OK  [0m] Mounted POSIX Message Queue File System.
[   25.513035] systemd[1]: Started Load Kernel Modules.
[[0;32m  OK  [0m] Started Load Kernel Modules.
[   25.596172] systemd[1]: Started Uncomplicated firewall.
[[0;32m  OK  [0m] Started Uncomplicated firewall.
[   25.638177] systemd[1]: Started Create list of required static device nodes for the current kernel.
[[0;32m  OK  [0m] Started Create list of required sta...ce nodes for the current kernel.
[   25.662156] systemd[1]: Started Set console keymap.
[[0;32m  OK  [0m] Started Set console keymap.
[   25.686722] systemd[1]: Started Remount Root and Kernel File Systems.
[[0;32m  OK  [0m] Started Remount Root and Kernel File Systems.
[   25.724202] systemd[1]: Started Nameserver information manager.
[[0;32m  OK  [0m] Started Nameserver information manager.
[   25.760794] systemd[1]: Started Journal Service.
[[0;32m  OK  [0m] Started Journal Service.
[[0;32m  OK  [0m] Started LVM2 metadata daemon.
         Starting Load/Save Random Seed...
         Starting Initial cloud-init job (pre-networking)...
         Starting Flush Journal to Persistent Storage...
         Starting udev Coldplug all Devices...
         Starting Create Static Device Nodes in /dev...
         Mounting FUSE Control File System...
         Starting Apply Kernel Variables...
[[0;32m  OK  [0m] Mounted FUSE Control File System.
[[0;32m  OK  [0m] Started Load/Save Random Seed.
[[0;32m  OK  [0m] Started Apply Kernel Variables.
[[0;32m  OK  [0m] Started Create Static Device Nodes in /dev.
[[0;32m  OK  [0m] Started Monitoring of LVM2 mirrors,...ng dmeventd or progress polling.
[[0;32m  OK  [0m] Started Flush Journal to Persistent Storage.
         Starting udev Kernel Device Manager...
[[0;32m  OK  [0m] Started udev Coldplug all Devices.
[[0;32m  OK  [0m] Started udev Kernel Device Manager.
[[0;32m  OK  [0m] Started Dispatch Password Requests to Console Directory Watch.
[[0;32m  OK  [0m] Reached target Local File Systems (Pre).
[[0;32m  OK  [0m] Reached target Local File Systems.
         Starting LSB: AppArmor initialization...
         Starting Set console font and keymap...
         Starting Tell Plymouth To Write Out Runtime Data...
         Starting Create Volatile Files and Directories...
[[0;32m  OK  [0m] Started Tell Plymouth To Write Out Runtime Data.
[[0;32m  OK  [0m] Started Create Volatile Files and Directories.
         Starting Update UTMP about System Boot/Shutdown...
[[0;32m  OK  [0m] Reached target System Time Synchronized.
[[0;32m  OK  [0m] Started Update UTMP about System Boot/Shutdown.
[[0;32m  OK  [0m] Found device /dev/ttyS0.
[[0;32m  OK  [0m] Started LSB: AppArmor initialization.
[[0;32m  OK  [0m] Found device 82540EM Gigabit Ethern...r (PRO/1000 MT Desktop Adapter).
[[0;32m  OK  [0m] Listening on Load/Save RF Kill Switch Status /dev/rfkill Watch.
[[0;32m  OK  [0m] Started Set console font and keymap.
[[0;32m  OK  [0m] Created slice system-getty.slice.
[   66.148772] cloud-init[445]: Cloud-init v. 0.7.9 running 'init-local' at Thu, 20 Apr 2017 12:22:03 +0000. Up 62.89 seconds.
[[0;32m  OK  [0m] Started Initial cloud-init job (pre-networking).
[[0;32m  OK  [0m] Reached target Network (Pre).
[[0;32m  OK  [0m] Started ifup for enp0s3.
         Starting Raise network interfaces...
[[0;32m  OK  [0m] Started Raise network interfaces.
         Starting Initial cloud-init job (metadata service crawler)...
[[0;32m  OK  [0m] Reached target Network.
[   74.873171] cloud-init[979]: Cloud-init v. 0.7.9 running 'init' at Thu, 20 Apr 2017 12:22:11 +0000. Up 71.47 seconds.
[   74.909874] cloud-init[979]: ci-info: +++++++++++++++++++++++++++++++++++++Net device info++++++++++++++++++++++++++++++++++++++
[   74.946836] cloud-init[979]: ci-info: +--------+------+----------------------------+---------------+-------+-------------------+
[   74.978047] cloud-init[979]: ci-info: | Device |  Up  |          Address           |      Mask     | Scope |     Hw-Address    |
[   75.037626] cloud-init[979]: ci-info: +--------+------+----------------------------+---------------+-------+-------------------+
[   75.103183] cloud-init[979]: ci-info: |   lo   | True |         127.0.0.1          |   255.0.0.0   |   .   |         .         |
[   75.174760] cloud-init[979]: ci-info: |   lo   | True |          ::1/128           |       .       |  host |         .         |
[   75.219703] cloud-init[979]: ci-info: | enp0s3 | True |         10.0.2.15          | 255.255.255.0 |   .   | 02:9c:9d:15:a0:80 |
[   75.265754] cloud-init[979]: ci-info: | enp0s3 | True | fe80::9c:9dff:fe15:a080/64 |       .       |  link | 02:9c:9d:15:a0:80 |
[   75.446345] cloud-init[979]: ci-info: +--------+------+----------------------------+---------------+-------+-------------------+
[   75.644791] cloud-init[979]: ci-info: +++++++++++++++++++++++++++Route IPv4 info++++++++++++++++++++++++++++
[   75.913497] cloud-init[979]: ci-info: +-------+-------------+----------+---------------+-----------+-------+
[   76.096866] cloud-init[979]: ci-info: | Route | Destination | Gateway  |    Genmask    | Interface | Flags |
[   76.238120] cloud-init[979]: ci-info: +-------+-------------+----------+---------------+-----------+-------+
[   76.327929] cloud-init[979]: ci-info: |   0   |   0.0.0.0   | 10.0.2.2 |    0.0.0.0    |   enp0s3  |   UG  |
[   76.483020] cloud-init[979]: ci-info: |   1   |   10.0.2.0  | 0.0.0.0  | 255.255.255.0 |   enp0s3  |   U   |
[[0;32m  OK  [0m] Started Initial cloud-init job (metadata service crawler).[   76.551027] cloud-init[979]: ci-info: +-------+-------------+----------+---------------+-----------+-------+
[[0;32m  OK  [0m] 
Reached target Network is Online.
         Starting iSCSI initiator daemon (iscsid)...
[[0;32m  OK  [0m] Reached target Cloud-config availability.
[[0;32m  OK  [0m] Reached target System Initialization.
         Starting LXD - unix socket.
[[0;32m  OK  [0m] Started Daily Cleanup of Temporary Directories.
[[0;32m  OK  [0m] Started ACPI Events Check.
[[0;32m  OK  [0m] Listening on ACPID Listen Socket.
[[0;32m  OK  [0m] Listening on UUID daemon activation socket.
[[0;32m  OK  [0m] Listening on D-Bus System Message Bus Socket.
[[0;32m  OK  [0m] Started Daily apt activities.
[[0;32m  OK  [0m] Started Timer to automatically refresh installed snaps.
[[0;32m  OK  [0m] Reached target Timers.
         Starting Socket activation for snappy daemon.
[[0;32m  OK  [0m] Started Trigger resolvconf update for networkd DNS.
[[0;32m  OK  [0m] Reached target Paths.
[[0;32m  OK  [0m] Listening on LXD - unix socket.
[[0;32m  OK  [0m] Listening on Socket activation for snappy daemon.
[[0;32m  OK  [0m] Reached target Sockets.
[[0;32m  OK  [0m] Reached target Basic System.
         Starting OpenBSD Secure Shell server...
[[0;32m  OK  [0m] Started Snappy daemon.
         Starting /etc/rc.local Compatibility...
[[0;32m  OK  [0m] Started D-Bus System Message Bus.
         Starting Apply the settings specified in cloud-config...
         Starting LSB: Record successful boot for GRUB...
         Starting Accounts Service...
         Starting Auto import assertions from block devices...
         Starting Login Service...
[[0;32m  OK  [0m] Started Deferred execution scheduler.
[[0;32m  OK  [0m] Started Regular background program processing daemon.
         Starting LSB: MD monitoring daemon...
         Starting System Logging Service...
[[0;32m  OK  [0m] Started FUSE filesystem for LXC.
[[0;32m  OK  [0m] Started ACPI event daemon.
         Starting LXD - container startup/shutdown...
[[0;32m  OK  [0m] Started OpenBSD Secure Shell server.
[[0;32m  OK  [0m] Started iSCSI initiator daemon (iscsid).
[[0;32m  OK  [0m] Started /etc/rc.local Compatibility.
[[0;32m  OK  [0m] Started Auto import assertions from block devices.
         Starting Login to default iSCSI targets...
[[0;32m  OK  [0m] Started System Logging Service.
[[0;32m  OK  [0m] Started Login Service.
[[0;32m  OK  [0m] Started LSB: Record successful boot for GRUB.
         Starting Authenticate and Authorize Users to Run Privileged Tasks...
[[0;32m  OK  [0m] Started LSB: MD monitoring daemon.
[[0;32m  OK  [0m] Started Login to default iSCSI targets.
[[0;32m  OK  [0m] Reached target Remote File Systems (Pre).
[[0;32m  OK  [0m] Reached target Remote File Systems.
         Starting LSB: Stop/start nginx...
         Starting LSB: VirtualBox Linux Additions...
         Starting LSB: automatic crash report generation...
         Starting LSB: Set the CPU Frequency Scaling governor to "ondemand"...
         Starting Permit User Sessions...
         Starting LSB: daemon to balance interrupts for SMP systems...
[[0;32m  OK  [0m] Started Authenticate and Authorize Users to Run Privileged Tasks.
[[0;32m  OK  [0m] Started Permit User Sessions.
[[0;32m  OK  [0m] Started Accounts Service.
         Starting Hold until boot process finishes up...
         Starting Terminate Plymouth Boot Screen...
[[0;32m  OK  [0m] Started Terminate Plymouth Boot Screen.
[[0;32m  OK  [0m] Started Hold until boot process finishes up.
[[0;32m  OK  [0m] Started LSB: Set the CPU Frequency Scaling governor to "ondemand".
[[0;32m  OK  [0m] Started Getty on tty1.
[[0;32m  OK  [0m] Started Serial Getty on ttyS0.
[[0;32m  OK  [0m] Reached target Login Prompts.
         Starting Set console scheme...
[[0;32m  OK  [0m] Started LXD - container startup/shutdown.
[[0;32m  OK  [0m] Started LSB: daemon to balance interrupts for SMP systems.
[[0;32m  OK  [0m] Started LSB: Stop/start nginx.
[[0;32m  OK  [0m] Started LSB: automatic crash report generation.
[[0;32m  OK  [0m] Started Set console scheme.
[[0;32m  OK  [0m] Created slice User Slice of ubuntu.
         Starting User Manager for UID 1000...
[[0;32m  OK  [0m] Started LSB: VirtualBox Linux Additions.
[[0;32m  OK  [0m] Started Session 1 of user ubuntu.
[[0;32m  OK  [0m] Reached target Multi-User System.
[[0;32m  OK  [0m] Reached target Graphical Interface.
         Starting Update UTMP about System Runlevel Changes...
[[0;32m  OK  [0m] Started User Manager for UID 1000.
[[0;32m  OK  [0m] Started Update UTMP about System Runlevel Changes.

Ubuntu 16.04.2 LTS ubuntu-xenial ttyS0

ubuntu-xenial login: [   91.965165] cloud-init[1051]: Cloud-init v. 0.7.9 running 'modules:config' at Thu, 20 Apr 2017 12:22:30 +0000. Up 89.79 seconds.
[   97.829558] cloud-init[1316]: Cloud-init v. 0.7.9 running 'modules:final' at Thu, 20 Apr 2017 12:22:37 +0000. Up 96.83 seconds.
[   97.836484] cloud-init[1316]: Cloud-init v. 0.7.9 finished at Thu, 20 Apr 2017 12:22:38 +0000. Datasource DataSourceNoCloud [seed=/dev/sdb][dsmode=net].  Up 97.74 seconds
